// Jest Snapshot v1, https://goo.gl/fbAQLP

exports[`should correctly render LoginPage 1`] = `
<div
  className="column is-4 login-form"
>
  <div
    className="card"
  >
    <header
      className="card-header"
    >
      <p
        className="card-header-title"
      >
        Giovanna Login
      </p>
    </header>
    <div
      className="card-content"
    >
      <div
        className="content"
      >
        <p>
          Si no eres Giovanna Tommasi,
          <br />
          por favor alejate de esta secci√≥n gracias!
          <br />
          Los Amo!
        </p>
        <div
          className="field"
        >
          <p
            className="control has-icons-left has-icons-right"
          >
            <input
              className="input"
              placeholder="Email"
              type="email"
            />
            <span
              className="icon is-small is-left"
            >
              <i
                className="fa fa-envelope"
              />
            </span>
          </p>
        </div>
        <div
          className="field"
        >
          <p
            className="control has-icons-left"
          >
            <input
              className="input"
              placeholder="Password"
              type="password"
            />
            <span
              className="icon is-small is-left"
            >
              <i
                className="fa fa-lock"
              />
            </span>
          </p>
        </div>
      </div>
    </div>
    <footer
      className="card-footer"
    >
      <button
        className="card-footer-item"
      >
        Login
      </button>
    </footer>
  </div>
</div>
`;
